    Finished `dev` profile [unoptimized] target(s) in 0.12s
     Running `target/debug/xtask docs`
xtask docs: presence + i18n parity (SPEC-001)
check-i18n: 33 canonical page(s), locale(s): pt
  [pt] OK — 33/33 mirrored, zero drift
check-i18n: PASSED — zero drift.


> petunia-docs@0.1.0 build /workspace/scratch/3dcad04bba27/petunia-design-studio/docs
> vitepress build


  vitepress v1.6.4

- building client + server bundles...

(!) Some chunks are larger than 500 kB after minification. Consider:
- Using dynamic import() to code-split the application
- Use build.rollupOptions.output.manualChunks to improve chunking: https://rollupjs.org/configuration-options/#output-manualchunks
- Adjust chunk size limit for this warning via build.chunkSizeWarningLimit.
[32m✓[0m building client + server bundles...
- rendering pages...
[32m✓[0m rendering pages...
- generating sitemap...
[32m✓[0m generating sitemap...
build complete in 11.38s.
docs: OK (parity green, build green)
