    Finished `dev` profile [unoptimized] target(s) in 0.08s
     Running `target/debug/xtask docs`
xtask docs: presence + i18n parity (SPEC-001)
check-i18n: 35 canonical page(s), locale(s): pt
  [pt] OK — 35/35 mirrored, zero drift
check-i18n: PASSED — zero drift.

$ vitepress build

  vitepress v1.6.4

- building client + server bundles...

(!) Some chunks are larger than 500 kB after minification. Consider:
- Using dynamic import() to code-split the application
- Use build.rollupOptions.output.manualChunks to improve chunking: https://rollupjs.org/configuration-options/#output-manualchunks
- Adjust chunk size limit for this warning via build.chunkSizeWarningLimit.
[32m✓[0m building client + server bundles...
- rendering pages...
[32m✓[0m rendering pages...
- generating sitemap...
[32m✓[0m generating sitemap...
build complete in 11.02s.
docs: OK (parity green, build green)
